// Jest Snapshot v1, https://goo.gl/fbAQLP

exports[`components: Pagination/Actions matches snapshot 1`] = `
<ul
  className="makeStyles-root"
>
  <li
    className="first"
  >
    <button
      aria-label="first page"
      className="MuiButtonBase-root MuiIconButton-root makeStyles-button MuiIconButton-disabled MuiButtonBase-disabled"
      disabled={true}
      onBlur={[Function]}
      onClick={[Function]}
      onDragLeave={[Function]}
      onFocus={[Function]}
      onKeyDown={[Function]}
      onKeyUp={[Function]}
      onMouseDown={[Function]}
      onMouseLeave={[Function]}
      onMouseUp={[Function]}
      onTouchEnd={[Function]}
      onTouchMove={[Function]}
      onTouchStart={[Function]}
      tabIndex={-1}
      type="button"
    >
      <span
        className="MuiIconButton-label"
      >
        <svg
          className="makeStyles-prev"
          data-file-name="SvgIconNextFast"
        />
      </span>
    </button>
  </li>
  <li>
    <button
      aria-label="previous page"
      className="MuiButtonBase-root MuiIconButton-root makeStyles-button MuiIconButton-disabled MuiButtonBase-disabled"
      disabled={true}
      onBlur={[Function]}
      onClick={[Function]}
      onDragLeave={[Function]}
      onFocus={[Function]}
      onKeyDown={[Function]}
      onKeyUp={[Function]}
      onMouseDown={[Function]}
      onMouseLeave={[Function]}
      onMouseUp={[Function]}
      onTouchEnd={[Function]}
      onTouchMove={[Function]}
      onTouchStart={[Function]}
      tabIndex={-1}
      type="button"
    >
      <span
        className="MuiIconButton-label"
      >
        <svg
          className="makeStyles-prev"
          data-file-name="SvgIconNext"
        />
      </span>
    </button>
  </li>
  <li
    className="MuiTypography-root makeStyles-button makeStyles-pageButton selected MuiTypography-body2"
    onClick={[Function]}
  >
    1
  </li>
  <li
    className="MuiTypography-root makeStyles-button makeStyles-pageButton MuiTypography-body2"
    onClick={[Function]}
  >
    2
  </li>
  <li
    className="MuiTypography-root makeStyles-button makeStyles-pageButton MuiTypography-body2"
    onClick={[Function]}
  >
    3
  </li>
  <li>
    <button
      aria-label="next page"
      className="MuiButtonBase-root MuiIconButton-root makeStyles-button"
      disabled={false}
      onBlur={[Function]}
      onClick={[Function]}
      onDragLeave={[Function]}
      onFocus={[Function]}
      onKeyDown={[Function]}
      onKeyUp={[Function]}
      onMouseDown={[Function]}
      onMouseLeave={[Function]}
      onMouseUp={[Function]}
      onTouchEnd={[Function]}
      onTouchMove={[Function]}
      onTouchStart={[Function]}
      tabIndex={0}
      type="button"
    >
      <span
        className="MuiIconButton-label"
      >
        <svg
          data-file-name="SvgIconNext"
        />
      </span>
    </button>
  </li>
  <li
    className="last"
  >
    <button
      aria-label="last page"
      className="MuiButtonBase-root MuiIconButton-root makeStyles-button"
      disabled={false}
      onBlur={[Function]}
      onClick={[Function]}
      onDragLeave={[Function]}
      onFocus={[Function]}
      onKeyDown={[Function]}
      onKeyUp={[Function]}
      onMouseDown={[Function]}
      onMouseLeave={[Function]}
      onMouseUp={[Function]}
      onTouchEnd={[Function]}
      onTouchMove={[Function]}
      onTouchStart={[Function]}
      tabIndex={0}
      type="button"
    >
      <span
        className="MuiIconButton-label"
      >
        <svg
          data-file-name="SvgIconNextFast"
        />
      </span>
    </button>
  </li>
</ul>
`;
