// Jest Snapshot v1, https://goo.gl/fbAQLP

exports[`screen: TokenDetails/StackBar matches snapshot 1`] = `
<div
  className="makeStyles-root"
>
  <p
    className="MuiTypography-root MuiTypography-body1"
  >
    30
    %
  </p>
  <div
    className="makeStyles-chart"
  >
    <div
      className="makeStyles-active"
    />
  </div>
</div>
`;
