// Jest Snapshot v1, https://goo.gl/fbAQLP

exports[`screen: Transactions/List matches snapshot 1`] = `
<div
  className="makeStyles-root"
  id="Box"
>
  <div
    className="makeStyles-list"
    hasNextPage={true}
    id="TransactionsList"
    isItemLoaded={[Function]}
    isNextPageLoading={false}
    itemCount={1}
    items={Array []}
    loadMoreItems={[Function]}
    loadNextPage={[Function]}
  />
</div>
`;
