// Jest Snapshot v1, https://goo.gl/fbAQLP

exports[`screen: Home/Blocks/Desktop matches snapshot 1`] = `
<div
  className="makeStyles-root"
>
  <div
    onScroll={[Function]}
    style={
      Object {
        "WebkitOverflowScrolling": "touch",
        "direction": "ltr",
        "height": 50,
        "overflow": "auto",
        "position": "relative",
        "width": 600,
        "willChange": "transform",
      }
    }
  >
    <div
      style={
        Object {
          "height": 50,
          "pointerEvents": undefined,
          "width": 600,
        }
      }
    >
      <div
        className="makeStyles-cell"
        style={
          Object {
            "height": 50,
            "left": 0,
            "position": "absolute",
            "right": undefined,
            "top": 0,
            "width": 60,
          }
        }
      >
        <h4
          className="MuiTypography-root MuiTypography-h4"
        >
          slot
        </h4>
      </div>
      <div
        className="makeStyles-cell"
        style={
          Object {
            "height": 50,
            "left": 60,
            "position": "absolute",
            "right": undefined,
            "top": 0,
            "width": 90,
          }
        }
      >
        <h4
          className="MuiTypography-root MuiTypography-h4"
        >
          leader
        </h4>
      </div>
      <div
        className="makeStyles-cell"
        style={
          Object {
            "height": 50,
            "left": 150,
            "position": "absolute",
            "right": undefined,
            "top": 0,
            "width": 150,
          }
        }
      >
        <h4
          className="MuiTypography-root MuiTypography-h4"
        >
          hash
        </h4>
      </div>
      <div
        className="makeStyles-cell"
        style={
          Object {
            "height": 50,
            "left": 300,
            "position": "absolute",
            "right": undefined,
            "top": 0,
            "width": 150,
          }
        }
      >
        <h4
          className="MuiTypography-root MuiTypography-h4"
        >
          parentHash
        </h4>
      </div>
      <div
        className="makeStyles-cell"
        style={
          Object {
            "height": 50,
            "left": 450,
            "position": "absolute",
            "right": undefined,
            "top": 0,
            "width": 60,
          }
        }
      >
        <h4
          className="MuiTypography-root MuiTypography-h4 MuiTypography-alignRight"
        >
          txs
        </h4>
      </div>
      <div
        className="makeStyles-cell"
        style={
          Object {
            "height": 50,
            "left": 510,
            "position": "absolute",
            "right": undefined,
            "top": 0,
            "width": 90,
          }
        }
      >
        <h4
          className="MuiTypography-root MuiTypography-h4 MuiTypography-alignRight"
        >
          time
        </h4>
      </div>
    </div>
  </div>
  <div
    onScroll={[Function]}
    style={
      Object {
        "WebkitOverflowScrolling": "touch",
        "direction": "ltr",
        "height": 550,
        "overflow": "auto",
        "position": "relative",
        "width": 600,
        "willChange": "transform",
      }
    }
  >
    <div
      style={
        Object {
          "height": NaN,
          "pointerEvents": undefined,
          "width": 600,
        }
      }
    />
  </div>
</div>
`;
