// Jest Snapshot v1, https://goo.gl/fbAQLP

exports[`screen: Home/Consensus matches snapshot 1`] = `
<div
  className="makeStyles-root"
  id="box"
>
  <h2
    className="MuiTypography-root makeStyles-label MuiTypography-h2"
  >
    consensus
  </h2>
  <div
    className="makeStyles-info"
  >
    <div>
      <div
        className="MuiTypography-root label MuiTypography-caption"
      >
        height
      </div>
      <div
        className="MuiTypography-root label MuiTypography-caption"
      >
        proposer
      </div>
    </div>
    <div>
      <h4
        className="MuiTypography-root MuiTypography-h4"
      >
        100,500
      </h4>
      <div
        address="Forbole"
        id="AvatarName"
        name="Forbole"
      />
    </div>
  </div>
  <div
    className="makeStyles-content"
  >
    <div
      barSize={10}
      className="makeStyles-chart"
      cx={100}
      cy={100}
      data={
        Array [
          Object {
            "fill": "#FD5D4E",
            "value": 73,
          },
        ]
      }
      endAngle={-270}
      height={200}
      id="RadialBarChart"
      innerRadius={90}
      outerRadius={90}
      startAngle={90}
      width={200}
    >
      <div
        angleAxisId={0}
        domain={
          Array [
            0,
            100,
          ]
        }
        id="PolarAngleAxis"
        tick={false}
        type="number"
      />
      <div
        background={true}
        cornerRadius={100}
        dataKey="value"
        id="RadialBar"
      />
      <div
        id="Tooltip"
      />
      <text
        className="progress-label"
        dominantBaseline="middle"
        textAnchor="middle"
        x={100}
        y={100}
      >
        <tspan
          className="makeStyles-chartPercentLabel"
        >
          73%
        </tspan>
      </text>
      <text
        className="makeStyles-chartExtraLabel"
        x={68}
        y={135}
      >
        <tspan
          className="makeStyles-chartLabel"
        >
          Round 0
        </tspan>
      </text>
      <text
        className="makeStyles-chartExtraLabel"
        x={76}
        y={155}
      >
        <tspan
          className="makeStyles-chartLabel"
        >
          Step 1
        </tspan>
      </text>
    </div>
  </div>
</div>
`;
